
Discarded input sections

 .text          0x00000000        0x0 ..\obj\startup_stm32f4xx.o
 .data          0x00000000        0x0 ..\obj\startup_stm32f4xx.o
 .bss           0x00000000        0x0 ..\obj\startup_stm32f4xx.o
 .text          0x00000000        0x0 ..\obj\main.o
 .data          0x00000000        0x0 ..\obj\main.o
 .bss           0x00000000        0x0 ..\obj\main.o
 .text          0x00000000        0x0 ..\obj\stm32f4xx_rcc.o
 .data          0x00000000       0x10 ..\obj\stm32f4xx_rcc.o
 .bss           0x00000000        0x0 ..\obj\stm32f4xx_rcc.o
 .text.RCC_DeInit
                0x00000000       0x50 ..\obj\stm32f4xx_rcc.o
 .text.RCC_HSEConfig
                0x00000000       0x28 ..\obj\stm32f4xx_rcc.o
 .text.RCC_WaitForHSEStartUp
                0x00000000       0x64 ..\obj\stm32f4xx_rcc.o
 .text.RCC_AdjustHSICalibrationValue
                0x00000000       0x40 ..\obj\stm32f4xx_rcc.o
 .text.RCC_HSICmd
                0x00000000       0x20 ..\obj\stm32f4xx_rcc.o
 .text.RCC_LSEConfig
                0x00000000       0x48 ..\obj\stm32f4xx_rcc.o
 .text.RCC_LSICmd
                0x00000000       0x20 ..\obj\stm32f4xx_rcc.o
 .text.RCC_PLLConfig
                0x00000000       0x48 ..\obj\stm32f4xx_rcc.o
 .text.RCC_PLLCmd
                0x00000000       0x20 ..\obj\stm32f4xx_rcc.o
 .text.RCC_PLLI2SConfig
                0x00000000       0x30 ..\obj\stm32f4xx_rcc.o
 .text.RCC_PLLI2SCmd
                0x00000000       0x20 ..\obj\stm32f4xx_rcc.o
 .text.RCC_ClockSecuritySystemCmd
                0x00000000       0x20 ..\obj\stm32f4xx_rcc.o
 .text.RCC_MCO1Config
                0x00000000       0x44 ..\obj\stm32f4xx_rcc.o
 .text.RCC_MCO2Config
                0x00000000       0x44 ..\obj\stm32f4xx_rcc.o
 .text.RCC_SYSCLKConfig
                0x00000000       0x3c ..\obj\stm32f4xx_rcc.o
 .text.RCC_GetSYSCLKSource
                0x00000000       0x1c ..\obj\stm32f4xx_rcc.o
 .text.RCC_HCLKConfig
                0x00000000       0x3c ..\obj\stm32f4xx_rcc.o
 .text.RCC_PCLK1Config
                0x00000000       0x3c ..\obj\stm32f4xx_rcc.o
 .text.RCC_PCLK2Config
                0x00000000       0x40 ..\obj\stm32f4xx_rcc.o
 .text.RCC_GetClocksFreq
                0x00000000      0x17c ..\obj\stm32f4xx_rcc.o
 .text.RCC_RTCCLKConfig
                0x00000000       0x64 ..\obj\stm32f4xx_rcc.o
 .text.RCC_RTCCLKCmd
                0x00000000       0x20 ..\obj\stm32f4xx_rcc.o
 .text.RCC_BackupResetCmd
                0x00000000       0x20 ..\obj\stm32f4xx_rcc.o
 .text.RCC_I2SCLKConfig
                0x00000000       0x1c ..\obj\stm32f4xx_rcc.o
 .text.RCC_AHB2PeriphClockCmd
                0x00000000       0x44 ..\obj\stm32f4xx_rcc.o
 .text.RCC_AHB3PeriphClockCmd
                0x00000000       0x44 ..\obj\stm32f4xx_rcc.o
 .text.RCC_APB2PeriphClockCmd
                0x00000000       0x44 ..\obj\stm32f4xx_rcc.o
 .text.RCC_AHB1PeriphResetCmd
                0x00000000       0x44 ..\obj\stm32f4xx_rcc.o
 .text.RCC_AHB2PeriphResetCmd
                0x00000000       0x44 ..\obj\stm32f4xx_rcc.o
 .text.RCC_AHB3PeriphResetCmd
                0x00000000       0x44 ..\obj\stm32f4xx_rcc.o
 .text.RCC_APB1PeriphResetCmd
                0x00000000       0x44 ..\obj\stm32f4xx_rcc.o
 .text.RCC_APB2PeriphResetCmd
                0x00000000       0x44 ..\obj\stm32f4xx_rcc.o
 .text.RCC_AHB1PeriphClockLPModeCmd
                0x00000000       0x44 ..\obj\stm32f4xx_rcc.o
 .text.RCC_AHB2PeriphClockLPModeCmd
                0x00000000       0x44 ..\obj\stm32f4xx_rcc.o
 .text.RCC_AHB3PeriphClockLPModeCmd
                0x00000000       0x44 ..\obj\stm32f4xx_rcc.o
 .text.RCC_APB1PeriphClockLPModeCmd
                0x00000000       0x44 ..\obj\stm32f4xx_rcc.o
 .text.RCC_APB2PeriphClockLPModeCmd
                0x00000000       0x44 ..\obj\stm32f4xx_rcc.o
 .text.RCC_ITConfig
                0x00000000       0x50 ..\obj\stm32f4xx_rcc.o
 .text.RCC_GetFlagStatus
                0x00000000       0x84 ..\obj\stm32f4xx_rcc.o
 .text.RCC_ClearFlag
                0x00000000       0x1c ..\obj\stm32f4xx_rcc.o
 .text.RCC_GetITStatus
                0x00000000       0x40 ..\obj\stm32f4xx_rcc.o
 .text.RCC_ClearITPendingBit
                0x00000000       0x20 ..\obj\stm32f4xx_rcc.o
 .text          0x00000000        0x0 ..\obj\stm32f4xx_gpio.o
 .data          0x00000000        0x0 ..\obj\stm32f4xx_gpio.o
 .bss           0x00000000        0x0 ..\obj\stm32f4xx_gpio.o
 .text.GPIO_DeInit
                0x00000000      0x164 ..\obj\stm32f4xx_gpio.o
 .text.GPIO_StructInit
                0x00000000       0x3c ..\obj\stm32f4xx_gpio.o
 .text.GPIO_PinLockConfig
                0x00000000       0x44 ..\obj\stm32f4xx_gpio.o
 .text.GPIO_ReadInputDataBit
                0x00000000       0x3c ..\obj\stm32f4xx_gpio.o
 .text.GPIO_ReadInputData
                0x00000000       0x1c ..\obj\stm32f4xx_gpio.o
 .text.GPIO_ReadOutputDataBit
                0x00000000       0x3c ..\obj\stm32f4xx_gpio.o
 .text.GPIO_ReadOutputData
                0x00000000       0x1c ..\obj\stm32f4xx_gpio.o
 .text.GPIO_SetBits
                0x00000000       0x1c ..\obj\stm32f4xx_gpio.o
 .text.GPIO_ResetBits
                0x00000000       0x1c ..\obj\stm32f4xx_gpio.o
 .text.GPIO_WriteBit
                0x00000000       0x30 ..\obj\stm32f4xx_gpio.o
 .text.GPIO_Write
                0x00000000       0x1c ..\obj\stm32f4xx_gpio.o
 .text.GPIO_ToggleBits
                0x00000000       0x24 ..\obj\stm32f4xx_gpio.o
 .text.GPIO_PinAFConfig
                0x00000000       0xac ..\obj\stm32f4xx_gpio.o
 .text          0x00000000        0x0 ..\obj\system_stm32f4xx.o
 .data          0x00000000       0x14 ..\obj\system_stm32f4xx.o
 .bss           0x00000000        0x0 ..\obj\system_stm32f4xx.o
 .text.SystemInit
                0x00000000       0x5c ..\obj\system_stm32f4xx.o
 .text.SystemCoreClockUpdate
                0x00000000      0x114 ..\obj\system_stm32f4xx.o
 .text.SetSysClock
                0x00000000      0x100 ..\obj\system_stm32f4xx.o
 .text          0x00000000        0x0 ..\obj\misc.o
 .data          0x00000000        0x0 ..\obj\misc.o
 .bss           0x00000000        0x0 ..\obj\misc.o
 .text.NVIC_PriorityGroupConfig
                0x00000000       0x24 ..\obj\misc.o
 .text.NVIC_SetVectorTable
                0x00000000       0x2c ..\obj\misc.o
 .text.NVIC_SystemLPConfig
                0x00000000       0x44 ..\obj\misc.o
 .text.SysTick_CLKSourceConfig
                0x00000000       0x38 ..\obj\misc.o
 .text          0x00000000        0x0 ..\obj\stm32f4xx_tim.o
 .data          0x00000000        0x0 ..\obj\stm32f4xx_tim.o
 .bss           0x00000000        0x0 ..\obj\stm32f4xx_tim.o
 .text.TIM_DeInit
                0x00000000      0x220 ..\obj\stm32f4xx_tim.o
 .text.TIM_TimeBaseStructInit
                0x00000000       0x3c ..\obj\stm32f4xx_tim.o
 .text.TIM_PrescalerConfig
                0x00000000       0x28 ..\obj\stm32f4xx_tim.o
 .text.TIM_CounterModeConfig
                0x00000000       0x3c ..\obj\stm32f4xx_tim.o
 .text.TIM_SetCounter
                0x00000000       0x1c ..\obj\stm32f4xx_tim.o
 .text.TIM_SetAutoreload
                0x00000000       0x1c ..\obj\stm32f4xx_tim.o
 .text.TIM_GetCounter
                0x00000000       0x18 ..\obj\stm32f4xx_tim.o
 .text.TIM_GetPrescaler
                0x00000000       0x1c ..\obj\stm32f4xx_tim.o
 .text.TIM_UpdateDisableConfig
                0x00000000       0x40 ..\obj\stm32f4xx_tim.o
 .text.TIM_UpdateRequestConfig
                0x00000000       0x40 ..\obj\stm32f4xx_tim.o
 .text.TIM_ARRPreloadConfig
                0x00000000       0x40 ..\obj\stm32f4xx_tim.o
 .text.TIM_SelectOnePulseMode
                0x00000000       0x38 ..\obj\stm32f4xx_tim.o
 .text.TIM_SetClockDivision
                0x00000000       0x38 ..\obj\stm32f4xx_tim.o
 .text.TIM_OC1Init
                0x00000000      0x108 ..\obj\stm32f4xx_tim.o
 .text.TIM_OC2Init
                0x00000000      0x130 ..\obj\stm32f4xx_tim.o
 .text.TIM_OC3Init
                0x00000000      0x12c ..\obj\stm32f4xx_tim.o
 .text.TIM_OC4Init
                0x00000000       0xe4 ..\obj\stm32f4xx_tim.o
 .text.TIM_OCStructInit
                0x00000000       0x54 ..\obj\stm32f4xx_tim.o
 .text.TIM_SelectOCxM
                0x00000000       0xc8 ..\obj\stm32f4xx_tim.o
 .text.TIM_SetCompare1
                0x00000000       0x1c ..\obj\stm32f4xx_tim.o
 .text.TIM_SetCompare2
                0x00000000       0x1c ..\obj\stm32f4xx_tim.o
 .text.TIM_SetCompare3
                0x00000000       0x1c ..\obj\stm32f4xx_tim.o
 .text.TIM_SetCompare4
                0x00000000       0x1c ..\obj\stm32f4xx_tim.o
 .text.TIM_ForcedOC1Config
                0x00000000       0x3c ..\obj\stm32f4xx_tim.o
 .text.TIM_ForcedOC2Config
                0x00000000       0x40 ..\obj\stm32f4xx_tim.o
 .text.TIM_ForcedOC3Config
                0x00000000       0x3c ..\obj\stm32f4xx_tim.o
 .text.TIM_ForcedOC4Config
                0x00000000       0x40 ..\obj\stm32f4xx_tim.o
 .text.TIM_OC1PreloadConfig
                0x00000000       0x3c ..\obj\stm32f4xx_tim.o
 .text.TIM_OC2PreloadConfig
                0x00000000       0x40 ..\obj\stm32f4xx_tim.o
 .text.TIM_OC3PreloadConfig
                0x00000000       0x3c ..\obj\stm32f4xx_tim.o
 .text.TIM_OC4PreloadConfig
                0x00000000       0x40 ..\obj\stm32f4xx_tim.o
 .text.TIM_OC1FastConfig
                0x00000000       0x3c ..\obj\stm32f4xx_tim.o
 .text.TIM_OC2FastConfig
                0x00000000       0x40 ..\obj\stm32f4xx_tim.o
 .text.TIM_OC3FastConfig
                0x00000000       0x3c ..\obj\stm32f4xx_tim.o
 .text.TIM_OC4FastConfig
                0x00000000       0x40 ..\obj\stm32f4xx_tim.o
 .text.TIM_ClearOC1Ref
                0x00000000       0x3c ..\obj\stm32f4xx_tim.o
 .text.TIM_ClearOC2Ref
                0x00000000       0x44 ..\obj\stm32f4xx_tim.o
 .text.TIM_ClearOC3Ref
                0x00000000       0x3c ..\obj\stm32f4xx_tim.o
 .text.TIM_ClearOC4Ref
                0x00000000       0x44 ..\obj\stm32f4xx_tim.o
 .text.TIM_OC1PolarityConfig
                0x00000000       0x3c ..\obj\stm32f4xx_tim.o
 .text.TIM_OC1NPolarityConfig
                0x00000000       0x3c ..\obj\stm32f4xx_tim.o
 .text.TIM_OC2PolarityConfig
                0x00000000       0x40 ..\obj\stm32f4xx_tim.o
 .text.TIM_OC2NPolarityConfig
                0x00000000       0x40 ..\obj\stm32f4xx_tim.o
 .text.TIM_OC3PolarityConfig
                0x00000000       0x40 ..\obj\stm32f4xx_tim.o
 .text.TIM_OC3NPolarityConfig
                0x00000000       0x40 ..\obj\stm32f4xx_tim.o
 .text.TIM_OC4PolarityConfig
                0x00000000       0x40 ..\obj\stm32f4xx_tim.o
 .text.TIM_CCxCmd
                0x00000000       0x60 ..\obj\stm32f4xx_tim.o
 .text.TIM_CCxNCmd
                0x00000000       0x60 ..\obj\stm32f4xx_tim.o
 .text.TIM_ICInit
                0x00000000       0xa8 ..\obj\stm32f4xx_tim.o
 .text.TIM_ICStructInit
                0x00000000       0x3c ..\obj\stm32f4xx_tim.o
 .text.TIM_PWMIConfig
                0x00000000       0xc4 ..\obj\stm32f4xx_tim.o
 .text.TIM_GetCapture1
                0x00000000       0x18 ..\obj\stm32f4xx_tim.o
 .text.TIM_GetCapture2
                0x00000000       0x18 ..\obj\stm32f4xx_tim.o
 .text.TIM_GetCapture3
                0x00000000       0x18 ..\obj\stm32f4xx_tim.o
 .text.TIM_GetCapture4
                0x00000000       0x18 ..\obj\stm32f4xx_tim.o
 .text.TIM_SetIC1Prescaler
                0x00000000       0x38 ..\obj\stm32f4xx_tim.o
 .text.TIM_SetIC2Prescaler
                0x00000000       0x40 ..\obj\stm32f4xx_tim.o
 .text.TIM_SetIC3Prescaler
                0x00000000       0x38 ..\obj\stm32f4xx_tim.o
 .text.TIM_SetIC4Prescaler
                0x00000000       0x40 ..\obj\stm32f4xx_tim.o
 .text.TIM_BDTRConfig
                0x00000000       0x5c ..\obj\stm32f4xx_tim.o
 .text.TIM_BDTRStructInit
                0x00000000       0x4c ..\obj\stm32f4xx_tim.o
 .text.TIM_CtrlPWMOutputs
                0x00000000       0x50 ..\obj\stm32f4xx_tim.o
 .text.TIM_SelectCOM
                0x00000000       0x40 ..\obj\stm32f4xx_tim.o
 .text.TIM_CCPreloadControl
                0x00000000       0x40 ..\obj\stm32f4xx_tim.o
 .text.TIM_GenerateEvent
                0x00000000       0x1c ..\obj\stm32f4xx_tim.o
 .text.TIM_GetFlagStatus
                0x00000000       0x40 ..\obj\stm32f4xx_tim.o
 .text.TIM_ClearFlag
                0x00000000       0x24 ..\obj\stm32f4xx_tim.o
 .text.TIM_DMAConfig
                0x00000000       0x2c ..\obj\stm32f4xx_tim.o
 .text.TIM_DMACmd
                0x00000000       0x4c ..\obj\stm32f4xx_tim.o
 .text.TIM_SelectCCDMA
                0x00000000       0x40 ..\obj\stm32f4xx_tim.o
 .text.TIM_InternalClockConfig
                0x00000000       0x24 ..\obj\stm32f4xx_tim.o
 .text.TIM_ITRxExternalClockConfig
                0x00000000       0x30 ..\obj\stm32f4xx_tim.o
 .text.TIM_TIxExternalClockConfig
                0x00000000       0x58 ..\obj\stm32f4xx_tim.o
 .text.TIM_ETRClockMode1Config
                0x00000000       0x54 ..\obj\stm32f4xx_tim.o
 .text.TIM_ETRClockMode2Config
                0x00000000       0x34 ..\obj\stm32f4xx_tim.o
 .text.TIM_SelectInputTrigger
                0x00000000       0x3c ..\obj\stm32f4xx_tim.o
 .text.TIM_SelectOutputTrigger
                0x00000000       0x38 ..\obj\stm32f4xx_tim.o
 .text.TIM_SelectSlaveMode
                0x00000000       0x38 ..\obj\stm32f4xx_tim.o
 .text.TIM_SelectMasterSlaveMode
                0x00000000       0x38 ..\obj\stm32f4xx_tim.o
 .text.TIM_ETRConfig
                0x00000000       0x54 ..\obj\stm32f4xx_tim.o
 .text.TIM_EncoderInterfaceConfig
                0x00000000       0x98 ..\obj\stm32f4xx_tim.o
 .text.TIM_SelectHallSensor
                0x00000000       0x40 ..\obj\stm32f4xx_tim.o
 .text.TIM_RemapConfig
                0x00000000       0x20 ..\obj\stm32f4xx_tim.o
 .text.TI1_Config
                0x00000000       0x84 ..\obj\stm32f4xx_tim.o
 .text.TI2_Config
                0x00000000       0xa4 ..\obj\stm32f4xx_tim.o
 .text.TI3_Config
                0x00000000       0x94 ..\obj\stm32f4xx_tim.o
 .text.TI4_Config
                0x00000000       0xac ..\obj\stm32f4xx_tim.o

Memory Configuration

Name             Origin             Length             Attributes
rom              0x08000000         0x00100000         xr
ram              0x20000000         0x00020000         xrw
ram1             0x10000000         0x00010000         xrw
*default*        0x00000000         0xffffffff

Linker script and memory map

                0x20020000                _eram = 0x20020000

.text           0x08000000      0x848
 *(.isr_vector)
 .isr_vector    0x08000000      0x188 ..\obj\startup_stm32f4xx.o
                0x08000000                g_pfnVectors
 *(.text*)
 .text.Default_Reset_Handler
                0x08000188       0x64 ..\obj\startup_stm32f4xx.o
                0x08000188                Default_Reset_Handler
                0x08000188                Reset_Handler
 .text.Default_Handler
                0x080001ec        0x8 ..\obj\startup_stm32f4xx.o
                0x080001ec                RTC_Alarm_IRQHandler
                0x080001ec                HASH_RNG_IRQHandler
                0x080001ec                EXTI2_IRQHandler
                0x080001ec                TIM8_CC_IRQHandler
                0x080001ec                DebugMon_Handler
                0x080001ec                TIM1_CC_IRQHandler
                0x080001ec                DMA2_Stream5_IRQHandler
                0x080001ec                HardFault_Handler
                0x080001ec                DMA1_Stream5_IRQHandler
                0x080001ec                SysTick_Handler
                0x080001ec                PVD_IRQHandler
                0x080001ec                SDIO_IRQHandler
                0x080001ec                TAMP_STAMP_IRQHandler
                0x080001ec                PendSV_Handler
                0x080001ec                NMI_Handler
                0x080001ec                CAN2_RX1_IRQHandler
                0x080001ec                EXTI3_IRQHandler
                0x080001ec                TIM8_TRG_COM_TIM14_IRQHandler
                0x080001ec                TIM1_UP_TIM10_IRQHandler
                0x080001ec                TIM8_UP_TIM13_IRQHandler
                0x080001ec                I2C3_ER_IRQHandler
                0x080001ec                EXTI0_IRQHandler
                0x080001ec                I2C2_EV_IRQHandler
                0x080001ec                DMA1_Stream2_IRQHandler
                0x080001ec                CAN1_RX0_IRQHandler
                0x080001ec                FPU_IRQHandler
                0x080001ec                OTG_HS_WKUP_IRQHandler
                0x080001ec                UsageFault_Handler
                0x080001ec                CAN2_SCE_IRQHandler
                0x080001ec                DMA2_Stream2_IRQHandler
                0x080001ec                SPI1_IRQHandler
                0x080001ec                TIM6_DAC_IRQHandler
                0x080001ec                TIM1_BRK_TIM9_IRQHandler
                0x080001ec                DCMI_IRQHandler
                0x080001ec                CAN2_RX0_IRQHandler
                0x080001ec                DMA2_Stream3_IRQHandler
                0x080001ec                USART6_IRQHandler
                0x080001ec                USART3_IRQHandler
                0x080001ec                CRYP_IRQHandler
                0x080001ec                CAN1_RX1_IRQHandler
                0x080001ec                UART5_IRQHandler
                0x080001ec                DMA2_Stream0_IRQHandler
                0x080001ec                I2C1_EV_IRQHandler
                0x080001ec                DMA1_Stream6_IRQHandler
                0x080001ec                DMA1_Stream1_IRQHandler
                0x080001ec                UART4_IRQHandler
                0x080001ec                TIM3_IRQHandler
                0x080001ec                RCC_IRQHandler
                0x080001ec                TIM8_BRK_TIM12_IRQHandler
                0x080001ec                EXTI15_10_IRQHandler
                0x080001ec                ADC_IRQHandler
                0x080001ec                DMA1_Stream7_IRQHandler
                0x080001ec                TIM7_IRQHandler
                0x080001ec                CAN2_TX_IRQHandler
                0x080001ec                TIM5_IRQHandler
                0x080001ec                DMA2_Stream7_IRQHandler
                0x080001ec                I2C3_EV_IRQHandler
                0x080001ec                EXTI9_5_IRQHandler
                0x080001ec                RTC_WKUP_IRQHandler
                0x080001ec                ETH_WKUP_IRQHandler
                0x080001ec                SPI2_IRQHandler
                0x080001ec                OTG_HS_EP1_IN_IRQHandler
                0x080001ec                MemManage_Handler
                0x080001ec                DMA1_Stream0_IRQHandler
                0x080001ec                CAN1_TX_IRQHandler
                0x080001ec                SVC_Handler
                0x080001ec                EXTI4_IRQHandler
                0x080001ec                FSMC_IRQHandler
                0x080001ec                ETH_IRQHandler
                0x080001ec                OTG_HS_EP1_OUT_IRQHandler
                0x080001ec                WWDG_IRQHandler
                0x080001ec                OTG_FS_WKUP_IRQHandler
                0x080001ec                TIM1_TRG_COM_TIM11_IRQHandler
                0x080001ec                OTG_HS_IRQHandler
                0x080001ec                EXTI1_IRQHandler
                0x080001ec                USART2_IRQHandler
                0x080001ec                I2C2_ER_IRQHandler
                0x080001ec                DMA2_Stream1_IRQHandler
                0x080001ec                CAN1_SCE_IRQHandler
                0x080001ec                FLASH_IRQHandler
                0x080001ec                DMA2_Stream4_IRQHandler
                0x080001ec                BusFault_Handler
                0x080001ec                USART1_IRQHandler
                0x080001ec                OTG_FS_IRQHandler
                0x080001ec                SPI3_IRQHandler
                0x080001ec                DMA1_Stream4_IRQHandler
                0x080001ec                I2C1_ER_IRQHandler
                0x080001ec                DMA2_Stream6_IRQHandler
                0x080001ec                DMA1_Stream3_IRQHandler
 .text.TIM4_IRQHandler
                0x080001f4       0x34 ..\obj\main.o
                0x080001f4                TIM4_IRQHandler
 .text.TIM2_IRQHandler
                0x08000228       0x34 ..\obj\main.o
                0x08000228                TIM2_IRQHandler
 .text.main     0x0800025c       0x14 ..\obj\main.o
                0x0800025c                main
 .text.GPIO_Config
                0x08000270       0x48 ..\obj\main.o
                0x08000270                GPIO_Config
 .text.INTTIM4_Config
                0x080002b8       0x7c ..\obj\main.o
                0x080002b8                INTTIM4_Config
 .text.INTTIM2_Config
                0x08000334       0x7c ..\obj\main.o
                0x08000334                INTTIM2_Config
 .text.RCC_AHB1PeriphClockCmd
                0x080003b0       0x44 ..\obj\stm32f4xx_rcc.o
                0x080003b0                RCC_AHB1PeriphClockCmd
 .text.RCC_APB1PeriphClockCmd
                0x080003f4       0x44 ..\obj\stm32f4xx_rcc.o
                0x080003f4                RCC_APB1PeriphClockCmd
 .text.GPIO_Init
                0x08000438      0x148 ..\obj\stm32f4xx_gpio.o
                0x08000438                GPIO_Init
 .text.NVIC_Init
                0x08000580       0xd8 ..\obj\misc.o
                0x08000580                NVIC_Init
 .text.TIM_TimeBaseInit
                0x08000658       0xdc ..\obj\stm32f4xx_tim.o
                0x08000658                TIM_TimeBaseInit
 .text.TIM_Cmd  0x08000734       0x40 ..\obj\stm32f4xx_tim.o
                0x08000734                TIM_Cmd
 .text.TIM_ITConfig
                0x08000774       0x4c ..\obj\stm32f4xx_tim.o
                0x08000774                TIM_ITConfig
 .text.TIM_GetITStatus
                0x080007c0       0x64 ..\obj\stm32f4xx_tim.o
                0x080007c0                TIM_GetITStatus
 .text.TIM_ClearITPendingBit
                0x08000824       0x24 ..\obj\stm32f4xx_tim.o
                0x08000824                TIM_ClearITPendingBit
 *(.init)
 *(.fini)
 *crtbegin.o(.ctors)
 *crtbegin?.o(.ctors)
 *(EXCLUDE_FILE(*crtend.o *crtend?.o) .ctors)
 *(SORT(.ctors.*))
 *(.ctors)
 *crtbegin.o(.dtors)
 *crtbegin?.o(.dtors)
 *(EXCLUDE_FILE(*crtend.o *crtend?.o) .dtors)
 *(SORT(.dtors.*))
 *(.dtors)
 *(.rodata*)
 *(.eh_fram e*)

.glue_7         0x08000848        0x0
 .glue_7        0x00000000        0x0 linker stubs

.glue_7t        0x08000848        0x0
 .glue_7t       0x00000000        0x0 linker stubs

.vfp11_veneer   0x08000848        0x0
 .vfp11_veneer  0x00000000        0x0 linker stubs

.v4_bx          0x08000848        0x0
 .v4_bx         0x00000000        0x0 linker stubs

.ARM.extab
 *(.ARM.extab* .gnu.linkonce.armextab.*)
                0x08000848                __exidx_start = .

.ARM.exidx
 *(.ARM.exidx* .gnu.linkonce.armexidx.*)
                0x08000848                __exidx_end = .
                0x08000848                __etext = .
                0x08000848                _sidata = __etext

.data           0x20000000        0x0 load address 0x08000848
                0x20000000                __data_start__ = .
                0x20000000                _sdata = __data_start__
 *(vtable)
 *(.data*)
                0x20000000                . = ALIGN (0x4)
                0x20000000                PROVIDE (__preinit_array_start, .)
 *(.preinit_array)
                0x20000000                PROVIDE (__preinit_array_end, .)
                0x20000000                . = ALIGN (0x4)
                0x20000000                PROVIDE (__init_array_start, .)
 *(SORT(.init_array.*))
 *(.init_array)
                0x20000000                PROVIDE (__init_array_end, .)
                0x20000000                . = ALIGN (0x4)
                0x20000000                PROVIDE (__fini_array_start, .)
 *(SORT(.fini_array.*))
 *(.fini_array)
                0x20000000                PROVIDE (__fini_array_end, .)
 *(.jcr*)
                0x20000000                . = ALIGN (0x4)
                0x20000000                __data_end__ = .
                0x20000000                _edata = __data_end__

.bss            0x20000000        0x0
                0x20000000                . = ALIGN (0x4)
                0x20000000                __bss_start__ = .
                0x20000000                _sbss = __bss_start__
 *(.bss*)
 *(COMMON)
                0x20000000                . = ALIGN (0x4)
                0x20000000                __bss_end__ = .
                0x20000000                _ebss = __bss_end__

.heap           0x20000000        0x0
                0x20000000                __end__ = .
                0x20000000                _end = __end__
                0x20000000                end = __end__
 *(.heap*)
                0x20000000                __HeapLimit = .

.co_stack       0x20000000      0x800
                0x20000000                . = ALIGN (0x8)
 *(.co_stack .co_stack.*)
 .co_stack      0x20000000      0x800 ..\obj\startup_stm32f4xx.o
                0x20000000                pulStack
                0x20020000                __StackTop = 0x20020000
                0x2001f800                __StackLimit = (__StackTop - SIZEOF (.co_stack))
                0x20020000                PROVIDE (__stack, __StackTop)
                0x00000001                ASSERT ((__StackLimit >= __HeapLimit), region ram  overflowed with stack)
LOAD ..\obj\startup_stm32f4xx.o
LOAD ..\obj\main.o
LOAD ..\obj\stm32f4xx_rcc.o
LOAD ..\obj\stm32f4xx_gpio.o
LOAD ..\obj\system_stm32f4xx.o
LOAD ..\obj\misc.o
LOAD ..\obj\stm32f4xx_tim.o
START GROUP
LOAD d:/סמפע/codownload/arm-2011.03-coocox/bin/../lib/gcc/arm-none-eabi/4.5.2/thumb2\libgcc.a
LOAD d:/סמפע/codownload/arm-2011.03-coocox/bin/../lib/gcc/arm-none-eabi/4.5.2/../../../../arm-none-eabi/lib/thumb2\libc.a
END GROUP
OUTPUT(Project_2_PWM_TIMER.elf elf32-littlearm)

.debug_abbrev   0x00000000      0x8f0
 .debug_abbrev  0x00000000       0xac ..\obj\startup_stm32f4xx.o
 .debug_abbrev  0x000000ac      0x142 ..\obj\main.o
 .debug_abbrev  0x000001ee      0x1b7 ..\obj\stm32f4xx_rcc.o
 .debug_abbrev  0x000003a5      0x182 ..\obj\stm32f4xx_gpio.o
 .debug_abbrev  0x00000527      0x140 ..\obj\system_stm32f4xx.o
 .debug_abbrev  0x00000667      0x126 ..\obj\misc.o
 .debug_abbrev  0x0000078d      0x163 ..\obj\stm32f4xx_tim.o

.debug_info     0x00000000     0x4719
 .debug_info    0x00000000      0x147 ..\obj\startup_stm32f4xx.o
 .debug_info    0x00000147      0x89c ..\obj\main.o
 .debug_info    0x000009e3      0xd24 ..\obj\stm32f4xx_rcc.o
 .debug_info    0x00001707      0x639 ..\obj\stm32f4xx_gpio.o
 .debug_info    0x00001d40      0x61d ..\obj\system_stm32f4xx.o
 .debug_info    0x0000235d      0x594 ..\obj\misc.o
 .debug_info    0x000028f1     0x1e28 ..\obj\stm32f4xx_tim.o

.debug_line     0x00000000     0x19f8
 .debug_line    0x00000000       0xa7 ..\obj\startup_stm32f4xx.o
 .debug_line    0x000000a7      0x256 ..\obj\main.o
 .debug_line    0x000002fd      0x573 ..\obj\stm32f4xx_rcc.o
 .debug_line    0x00000870      0x317 ..\obj\stm32f4xx_gpio.o
 .debug_line    0x00000b87      0x203 ..\obj\system_stm32f4xx.o
 .debug_line    0x00000d8a      0x21d ..\obj\misc.o
 .debug_line    0x00000fa7      0xa51 ..\obj\stm32f4xx_tim.o

.debug_loc      0x00000000     0x23f0
 .debug_loc     0x00000000       0x64 ..\obj\startup_stm32f4xx.o
 .debug_loc     0x00000064      0x12c ..\obj\main.o
 .debug_loc     0x00000190      0x97c ..\obj\stm32f4xx_rcc.o
 .debug_loc     0x00000b0c      0x310 ..\obj\stm32f4xx_gpio.o
 .debug_loc     0x00000e1c       0x9c ..\obj\system_stm32f4xx.o
 .debug_loc     0x00000eb8      0x118 ..\obj\misc.o
 .debug_loc     0x00000fd0     0x1420 ..\obj\stm32f4xx_tim.o

.debug_pubnames
                0x00000000      0xeb5
 .debug_pubnames
                0x00000000       0x4a ..\obj\startup_stm32f4xx.o
 .debug_pubnames
                0x0000004a       0x79 ..\obj\main.o
 .debug_pubnames
                0x000000c3      0x417 ..\obj\stm32f4xx_rcc.o
 .debug_pubnames
                0x000004da      0x12d ..\obj\stm32f4xx_gpio.o
 .debug_pubnames
                0x00000607       0x61 ..\obj\system_stm32f4xx.o
 .debug_pubnames
                0x00000668       0x89 ..\obj\misc.o
 .debug_pubnames
                0x000006f1      0x7c4 ..\obj\stm32f4xx_tim.o

.debug_aranges  0x00000000      0x5d8
 .debug_aranges
                0x00000000       0x28 ..\obj\startup_stm32f4xx.o
 .debug_aranges
                0x00000028       0x48 ..\obj\main.o
 .debug_aranges
                0x00000070      0x178 ..\obj\stm32f4xx_rcc.o
 .debug_aranges
                0x000001e8       0x88 ..\obj\stm32f4xx_gpio.o
 .debug_aranges
                0x00000270       0x30 ..\obj\system_stm32f4xx.o
 .debug_aranges
                0x000002a0       0x40 ..\obj\misc.o
 .debug_aranges
                0x000002e0      0x2f8 ..\obj\stm32f4xx_tim.o

.debug_ranges   0x00000000      0x568
 .debug_ranges  0x00000000       0x18 ..\obj\startup_stm32f4xx.o
 .debug_ranges  0x00000018       0x38 ..\obj\main.o
 .debug_ranges  0x00000050      0x168 ..\obj\stm32f4xx_rcc.o
 .debug_ranges  0x000001b8       0x78 ..\obj\stm32f4xx_gpio.o
 .debug_ranges  0x00000230       0x20 ..\obj\system_stm32f4xx.o
 .debug_ranges  0x00000250       0x30 ..\obj\misc.o
 .debug_ranges  0x00000280      0x2e8 ..\obj\stm32f4xx_tim.o

.debug_str      0x00000000     0x1f4a
 .debug_str     0x00000000       0xc2 ..\obj\startup_stm32f4xx.o
                                 0xe1 (size before relaxing)
 .debug_str     0x000000c2      0x979 ..\obj\main.o
                                0x9cc (size before relaxing)
 .debug_str     0x00000a3b      0x655 ..\obj\stm32f4xx_rcc.o
                                0x7b3 (size before relaxing)
 .debug_str     0x00001090      0x1a9 ..\obj\stm32f4xx_gpio.o
                                0x406 (size before relaxing)
 .debug_str     0x00001239      0x11e ..\obj\system_stm32f4xx.o
                                0x30d (size before relaxing)
 .debug_str     0x00001357      0x167 ..\obj\misc.o
                                0x33c (size before relaxing)
 .debug_str     0x000014be      0xa8c ..\obj\stm32f4xx_tim.o
                                0xd33 (size before relaxing)

.comment        0x00000000       0x11
 .comment       0x00000000       0x11 ..\obj\startup_stm32f4xx.o
                                 0x12 (size before relaxing)
 .comment       0x00000000       0x12 ..\obj\main.o
 .comment       0x00000000       0x12 ..\obj\stm32f4xx_rcc.o
 .comment       0x00000000       0x12 ..\obj\stm32f4xx_gpio.o
 .comment       0x00000000       0x12 ..\obj\system_stm32f4xx.o
 .comment       0x00000000       0x12 ..\obj\misc.o
 .comment       0x00000000       0x12 ..\obj\stm32f4xx_tim.o

.ARM.attributes
                0x00000000       0x31
 .ARM.attributes
                0x00000000       0x31 ..\obj\startup_stm32f4xx.o
 .ARM.attributes
                0x00000031       0x31 ..\obj\main.o
 .ARM.attributes
                0x00000062       0x31 ..\obj\stm32f4xx_rcc.o
 .ARM.attributes
                0x00000093       0x31 ..\obj\stm32f4xx_gpio.o
 .ARM.attributes
                0x000000c4       0x31 ..\obj\system_stm32f4xx.o
 .ARM.attributes
                0x000000f5       0x31 ..\obj\misc.o
 .ARM.attributes
                0x00000126       0x31 ..\obj\stm32f4xx_tim.o

.debug_frame    0x00000000     0x12bc
 .debug_frame   0x00000000       0x48 ..\obj\startup_stm32f4xx.o
 .debug_frame   0x00000048       0xc4 ..\obj\main.o
 .debug_frame   0x0000010c      0x4d8 ..\obj\stm32f4xx_rcc.o
 .debug_frame   0x000005e4      0x19c ..\obj\stm32f4xx_gpio.o
 .debug_frame   0x00000780       0x64 ..\obj\system_stm32f4xx.o
 .debug_frame   0x000007e4       0x9c ..\obj\misc.o
 .debug_frame   0x00000880      0xa3c ..\obj\stm32f4xx_tim.o

.debug_pubtypes
                0x00000000      0x489
 .debug_pubtypes
                0x00000000      0x11e ..\obj\main.o
 .debug_pubtypes
                0x0000011e       0xaa ..\obj\stm32f4xx_rcc.o
 .debug_pubtypes
                0x000001c8       0xce ..\obj\stm32f4xx_gpio.o
 .debug_pubtypes
                0x00000296       0x83 ..\obj\system_stm32f4xx.o
 .debug_pubtypes
                0x00000319       0x8c ..\obj\misc.o
 .debug_pubtypes
                0x000003a5       0xe4 ..\obj\stm32f4xx_tim.o
